执行开始时间: 2026-03-18 17:46:45
日志文件: command_exec_20260318_174645.log
总共要执行 3 条命令
----------------------------------------

[1/3] 17:46:45 ── python test2.py --jsonl data/kodak_p16_1-1.jsonl         --idx 0         --pixel_emb_ckpt ./pixel.pt         --save results/tsne_pe_comparison.pdf
----------------------------------------
Traceback (most recent call last):
  File "D:\WorkSpace\Python\Visulization\LumiVisilization\test2.py", line 14, in <module>
    import torch
ModuleNotFoundError: No module named 'torch'
执行耗时: 0.000 秒
----------------------------------------

[2/3] 17:46:48 ── python --version
----------------------------------------
Python 3.13.7
执行耗时: 0.000 秒
----------------------------------------

[3/3] 17:46:48 ── python -m pip --version
----------------------------------------
pip 25.3 from E:\ProgramInstall\Lib\site-packages\pip (python 3.13)
执行耗时: 0.000 秒
----------------------------------------

全部执行完成
总耗时: 3 秒
结束时间: 2026-03-18 17:46:48
日志已保存至: /d/WorkSpace/Python/Visulization/LumiVisilization/command_exec_20260318_174645.log
