执行开始时间: 2026-03-18 17:31:07
日志文件: command_exec_20260318_173107.log
总共要执行 3 条命令
----------------------------------------

[1/3] 17:31:07 ── python test2.py --jsonl data/kodak_p16_1-1.jsonl         --idx 0         --pixel_emb_ckpt ./pixel.pt         --save results/tsne_pe_comparison.pdf
----------------------------------------
加载 patch shape: (16, 16, 3)
加载 PE from ./pixel.pt
开始 制图
embed_no.shape   = (256, 2)
embed_with.shape = (768, 2)
colors.shape / len = (255,)
是否差1？ True
Traceback (most recent call last):
  File "/home/vipuser/miniconda3/envs/pt26_py313/lib/python3.13/site-packages/matplotlib/axes/_axes.py", line 4761, in _parse_scatter_color_args
    colors = mcolors.to_rgba_array(c)
  File "/home/vipuser/miniconda3/envs/pt26_py313/lib/python3.13/site-packages/matplotlib/colors.py", line 515, in to_rgba_array
    rgba = np.array([to_rgba(cc) for cc in c])
                     ~~~~~~~^^^^
  File "/home/vipuser/miniconda3/envs/pt26_py313/lib/python3.13/site-packages/matplotlib/colors.py", line 317, in to_rgba
    rgba = _to_rgba_no_colorcycle(c, alpha)
  File "/home/vipuser/miniconda3/envs/pt26_py313/lib/python3.13/site-packages/matplotlib/colors.py", line 401, in _to_rgba_no_colorcycle
    raise ValueError(f"Invalid RGBA argument: {orig_c!r}")
ValueError: Invalid RGBA argument: np.float64(0.0)

The above exception was the direct cause of the following exception:

Traceback (most recent call last):
  File "/home/vipuser/WorkSpace/Vis/test2.py", line 122, in <module>
    main()
    ~~~~^^
  File "/home/vipuser/WorkSpace/Vis/test2.py", line 111, in main
    fig = plot_comparison(embed_no, embed_with, colors,
          ~~~~~~~~~~~~~~~^^^^^^^^^^^^^^^^^^^^^^^^^^^^^^
                          title_prefix=f"Sample #{args.idx} - Kodak 16×16 Patch")
                          ^^^^^^^^^^^^^^^^^^^^^^^^^^^^^^^^^^^^^^^^^^^^^^^^^^^^^^^
  File "/home/vipuser/WorkSpace/Vis/test2.py", line 58, in plot_comparison
    ax.scatter(embed[:, 0], embed[:, 1], c=colors, cmap='tab10', s=60, alpha=0.85)
    ~~~~~~~~~~^^^^^^^^^^^^^^^^^^^^^^^^^^^^^^^^^^^^^^^^^^^^^^^^^^^^^^^^^^^^^^^^^^^^
  File "/home/vipuser/miniconda3/envs/pt26_py313/lib/python3.13/site-packages/matplotlib/_api/deprecation.py", line 453, in wrapper
    return func(*args, **kwargs)
  File "/home/vipuser/miniconda3/envs/pt26_py313/lib/python3.13/site-packages/matplotlib/__init__.py", line 1524, in inner
    return func(
        ax,
        *map(cbook.sanitize_sequence, args),
        **{k: cbook.sanitize_sequence(v) for k, v in kwargs.items()})
  File "/home/vipuser/miniconda3/envs/pt26_py313/lib/python3.13/site-packages/matplotlib/axes/_axes.py", line 4954, in scatter
    self._parse_scatter_color_args(
    ~~~~~~~~~~~~~~~~~~~~~~~~~~~~~~^
        c, edgecolors, kwargs, x.size,
        ^^^^^^^^^^^^^^^^^^^^^^^^^^^^^^
        get_next_color_func=self._get_patches_for_fill.get_next_color)
        ^^^^^^^^^^^^^^^^^^^^^^^^^^^^^^^^^^^^^^^^^^^^^^^^^^^^^^^^^^^^^^
  File "/home/vipuser/miniconda3/envs/pt26_py313/lib/python3.13/site-packages/matplotlib/axes/_axes.py", line 4767, in _parse_scatter_color_args
    raise invalid_shape_exception(c.size, xsize) from err
ValueError: 'c' argument has 255 elements, which is inconsistent with 'x' and 'y' with size 256.
执行耗时: 53.315 秒
----------------------------------------

[2/3] 17:32:00 ── python --version
----------------------------------------
Python 3.13.12
执行耗时: 0.024 秒
----------------------------------------

[3/3] 17:32:00 ── python -m pip --version
----------------------------------------
pip 26.0.1 from /home/vipuser/miniconda3/envs/pt26_py313/lib/python3.13/site-packages/pip (python 3.13)
执行耗时: 0.267 秒
----------------------------------------

全部执行完成
总耗时: 54 秒
结束时间: 2026-03-18 17:32:01
日志已保存至: /home/vipuser/WorkSpace/Vis/command_exec_20260318_173107.log
